src/components/workflow/ShortcutsModal.tsx(5,24): error TS2307: Cannot find module '@/ui/switch' or its corresponding type declarations.
src/components/workflow/WorkflowCanvas.tsx(279,37): error TS2339: Property 'previewUrl' does not exist on type '{ status: string; }'.
src/components/workflow/WorkflowCanvas.tsx(280,37): error TS2339: Property 'usedPrompt' does not exist on type '{ status: string; }'.
src/components/workflow/WorkflowCanvas.tsx(289,37): error TS2339: Property 'previewUrl' does not exist on type '{ status: string; }'.
src/components/workflow/WorkflowCanvas.tsx(290,37): error TS2339: Property 'usedPrompt' does not exist on type '{ status: string; }'.
src/components/workflow/WorkflowCanvas.tsx(321,37): error TS2339: Property 'inputText' does not exist on type '{ status: string; }'.
src/components/workflow/WorkflowCanvas.tsx(322,37): error TS2339: Property 'enhancedText' does not exist on type '{ status: string; }'.
src/components/workflow/WorkflowCanvas.tsx(333,41): error TS2339: Property 'inputUrl' does not exist on type '{ status: string; }'.
src/components/workflow/WorkflowCanvas.tsx(336,41): error TS2339: Property 'previewUrl' does not exist on type '{ status: string; }'.
src/components/workflow/WorkflowCanvas.tsx(338,41): error TS2339: Property 'previewUrl' does not exist on type '{ status: string; }'.
src/components/workflow/WorkflowCanvas.tsx(684,25): error TS2322: Type '{ position: { x: number; y: number; }; outputType: ConnectionType; onSelect: (type: WorkflowNodeType) => void; onClose: () => void; }' is not assignable to type 'IntrinsicAttributes & HandleMenuProps'.
  Property 'onSelect' does not exist on type 'IntrinsicAttributes & HandleMenuProps'.
