[    3272ms] [ERROR] Failed to load resource: the server responded with a status of 500 (Internal Server Error) @ http://localhost:3001/sign-up:0
[    3325ms] [INFO] %cDownload the React DevTools for a better development experience: https://react.dev/link/react-devtools font-weight:bold @ http://localhost:3001/_next/static/chunks/node_modules_next_dist_f3530cac._.js:2297
[    3387ms] [LOG] [HMR] connected @ http://localhost:3001/_next/static/chunks/node_modules_next_dist_f3530cac._.js:2297
[    3531ms] [LOG] [Fast Refresh] rebuilding @ http://localhost:3001/_next/static/chunks/node_modules_next_dist_f3530cac._.js:2297
[    3831ms] [LOG] [Fast Refresh] done in 431ms @ http://localhost:3001/_next/static/chunks/node_modules_next_dist_f3530cac._.js:2297
[   31009ms] [ERROR] WebSocket connection to 'ws://localhost:3001/_next/webpack-hmr?id=OBdZR3RHD5GQJOj7rdO0D' failed: Error in connection establishment: net::ERR_CONNECTION_REFUSED @ http://localhost:3001/_next/static/chunks/node_modules_next_dist_client_17643121._.js:10878
[   34361ms] [ERROR] WebSocket connection to 'ws://localhost:3001/_next/webpack-hmr?id=OBdZR3RHD5GQJOj7rdO0D' failed: Error in connection establishment: net::ERR_CONNECTION_REFUSED @ http://localhost:3001/_next/static/chunks/node_modules_next_dist_client_17643121._.js:10878
[   37718ms] [ERROR] WebSocket connection to 'ws://localhost:3001/_next/webpack-hmr?id=OBdZR3RHD5GQJOj7rdO0D' failed: Error in connection establishment: net::ERR_CONNECTION_REFUSED @ http://localhost:3001/_next/static/chunks/node_modules_next_dist_client_17643121._.js:10878
[   41074ms] [ERROR] WebSocket connection to 'ws://localhost:3001/_next/webpack-hmr?id=OBdZR3RHD5GQJOj7rdO0D' failed: Error in connection establishment: net::ERR_CONNECTION_REFUSED @ http://localhost:3001/_next/static/chunks/node_modules_next_dist_client_17643121._.js:10878
[   44436ms] [ERROR] WebSocket connection to 'ws://localhost:3001/_next/webpack-hmr?id=OBdZR3RHD5GQJOj7rdO0D' failed: Error in connection establishment: net::ERR_CONNECTION_REFUSED @ http://localhost:3001/_next/static/chunks/node_modules_next_dist_client_17643121._.js:10878
[   51787ms] [ERROR] WebSocket connection to 'ws://localhost:3001/_next/webpack-hmr?id=OBdZR3RHD5GQJOj7rdO0D' failed: Error in connection establishment: net::ERR_CONNECTION_REFUSED @ http://localhost:3001/_next/static/chunks/node_modules_next_dist_client_17643121._.js:10878
[   59152ms] [ERROR] WebSocket connection to 'ws://localhost:3001/_next/webpack-hmr?id=OBdZR3RHD5GQJOj7rdO0D' failed: Error in connection establishment: net::ERR_CONNECTION_REFUSED @ http://localhost:3001/_next/static/chunks/node_modules_next_dist_client_17643121._.js:10878
[   66514ms] [ERROR] WebSocket connection to 'ws://localhost:3001/_next/webpack-hmr?id=OBdZR3RHD5GQJOj7rdO0D' failed: Error in connection establishment: net::ERR_CONNECTION_REFUSED @ http://localhost:3001/_next/static/chunks/node_modules_next_dist_client_17643121._.js:10878
[   73875ms] [ERROR] WebSocket connection to 'ws://localhost:3001/_next/webpack-hmr?id=OBdZR3RHD5GQJOj7rdO0D' failed: Error in connection establishment: net::ERR_CONNECTION_REFUSED @ http://localhost:3001/_next/static/chunks/node_modules_next_dist_client_17643121._.js:10878
[   81231ms] [ERROR] WebSocket connection to 'ws://localhost:3001/_next/webpack-hmr?id=OBdZR3RHD5GQJOj7rdO0D' failed: Error in connection establishment: net::ERR_CONNECTION_REFUSED @ http://localhost:3001/_next/static/chunks/node_modules_next_dist_client_17643121._.js:10878
[   88606ms] [ERROR] WebSocket connection to 'ws://localhost:3001/_next/webpack-hmr?id=OBdZR3RHD5GQJOj7rdO0D' failed: Error in connection establishment: net::ERR_CONNECTION_REFUSED @ http://localhost:3001/_next/static/chunks/node_modules_next_dist_client_17643121._.js:10878
[   95969ms] [ERROR] WebSocket connection to 'ws://localhost:3001/_next/webpack-hmr?id=OBdZR3RHD5GQJOj7rdO0D' failed: Error in connection establishment: net::ERR_CONNECTION_REFUSED @ http://localhost:3001/_next/static/chunks/node_modules_next_dist_client_17643121._.js:10878
[15525368ms] [INFO] %cDownload the React DevTools for a better development experience: https://react.dev/link/react-devtools font-weight:bold @ http://localhost:3001/_next/static/chunks/node_modules_next_dist_f3530cac._.js:2297
[15525506ms] [LOG] [HMR] connected @ http://localhost:3001/_next/static/chunks/node_modules_next_dist_f3530cac._.js:2297
[15525632ms] [LOG] [Fast Refresh] rebuilding @ http://localhost:3001/_next/static/chunks/node_modules_next_dist_f3530cac._.js:2297
[15525703ms] [LOG] [Fast Refresh] done in 176ms @ http://localhost:3001/_next/static/chunks/node_modules_next_dist_f3530cac._.js:2297
[15529951ms] [ERROR] WebSocket connection to 'ws://localhost:3001/_next/webpack-hmr?id=xI5ZvFOE7C4ljn9x6Es15' failed: Error in connection establishment: net::ERR_CONNECTION_REFUSED @ http://localhost:3001/_next/static/chunks/node_modules_next_dist_client_17643121._.js:10878
[15533316ms] [ERROR] WebSocket connection to 'ws://localhost:3001/_next/webpack-hmr?id=xI5ZvFOE7C4ljn9x6Es15' failed: Error in connection establishment: net::ERR_CONNECTION_REFUSED @ http://localhost:3001/_next/static/chunks/node_modules_next_dist_client_17643121._.js:10878
[15536678ms] [ERROR] WebSocket connection to 'ws://localhost:3001/_next/webpack-hmr?id=xI5ZvFOE7C4ljn9x6Es15' failed: Error in connection establishment: net::ERR_CONNECTION_REFUSED @ http://localhost:3001/_next/static/chunks/node_modules_next_dist_client_17643121._.js:10878
[15540043ms] [ERROR] WebSocket connection to 'ws://localhost:3001/_next/webpack-hmr?id=xI5ZvFOE7C4ljn9x6Es15' failed: Error in connection establishment: net::ERR_CONNECTION_REFUSED @ http://localhost:3001/_next/static/chunks/node_modules_next_dist_client_17643121._.js:10878
[15543393ms] [ERROR] WebSocket connection to 'ws://localhost:3001/_next/webpack-hmr?id=xI5ZvFOE7C4ljn9x6Es15' failed: Error in connection establishment: net::ERR_CONNECTION_REFUSED @ http://localhost:3001/_next/static/chunks/node_modules_next_dist_client_17643121._.js:10878
[15550734ms] [ERROR] WebSocket connection to 'ws://localhost:3001/_next/webpack-hmr?id=xI5ZvFOE7C4ljn9x6Es15' failed: Error in connection establishment: net::ERR_CONNECTION_REFUSED @ http://localhost:3001/_next/static/chunks/node_modules_next_dist_client_17643121._.js:10878
[15558093ms] [ERROR] WebSocket connection to 'ws://localhost:3001/_next/webpack-hmr?id=xI5ZvFOE7C4ljn9x6Es15' failed: Error in connection establishment: net::ERR_CONNECTION_REFUSED @ http://localhost:3001/_next/static/chunks/node_modules_next_dist_client_17643121._.js:10878
[15565452ms] [ERROR] WebSocket connection to 'ws://localhost:3001/_next/webpack-hmr?id=xI5ZvFOE7C4ljn9x6Es15' failed: Error in connection establishment: net::ERR_CONNECTION_REFUSED @ http://localhost:3001/_next/static/chunks/node_modules_next_dist_client_17643121._.js:10878
[15572818ms] [ERROR] WebSocket connection to 'ws://localhost:3001/_next/webpack-hmr?id=xI5ZvFOE7C4ljn9x6Es15' failed: Error in connection establishment: net::ERR_CONNECTION_REFUSED @ http://localhost:3001/_next/static/chunks/node_modules_next_dist_client_17643121._.js:10878
[15580193ms] [ERROR] WebSocket connection to 'ws://localhost:3001/_next/webpack-hmr?id=xI5ZvFOE7C4ljn9x6Es15' failed: Error in connection establishment: net::ERR_CONNECTION_REFUSED @ http://localhost:3001/_next/static/chunks/node_modules_next_dist_client_17643121._.js:10878
[15587559ms] [ERROR] WebSocket connection to 'ws://localhost:3001/_next/webpack-hmr?id=xI5ZvFOE7C4ljn9x6Es15' failed: Error in connection establishment: net::ERR_CONNECTION_REFUSED @ http://localhost:3001/_next/static/chunks/node_modules_next_dist_client_17643121._.js:10878
[15594914ms] [ERROR] WebSocket connection to 'ws://localhost:3001/_next/webpack-hmr?id=xI5ZvFOE7C4ljn9x6Es15' failed: Error in connection establishment: net::ERR_CONNECTION_REFUSED @ http://localhost:3001/_next/static/chunks/node_modules_next_dist_client_17643121._.js:10878
